var _someVar = "a string" + thatIsJust(shortEnough) + "to not wrap";

var _someLongVariableName =
	"a long string with just concatenation"
	+ "will break this way"
	+ "because of reasons such as the fact it is too long";

var _someLongVariableName =
	"a really loooooooooooooooong string"
	+ someMethodCall("with long args")
	+ "really long string";

var _someLongVariableName =
	"a really loooooooooooooooong string"
	+ someMethodCall("with long args")
	+ "really long string";

var _samePrecedenceAligns =
	one_________________________________
	+ two_______________________________
	- three_____________________________
	+ four______________________________;

var _coalesceIsSpecial =
	someValue_________________________
	?? someOtherValue_______________________
	?? someOtherValue_______________________;

_coalesceIsSpecial ??=
	someValue_________________________
	?? someOtherValue_______________________
	?? someOtherValue_______________________;

CallSomeLongMethodWithStringConcatenationThatShouldNotBreak(
	csharpDirectory + ".generated.cs",
	output.ToString()
);

var _commentsDontBreakBinary =
	// shouldn't break next line
	true || false;

var _commentsDontBreakBinary =
	// shouldn't break next line
	// shouldn't break next line
	true || false;

var _conditionalIndentation = someBoolean
	? someLongValue____________________________________
		+ someLongValue____________________________________
	: someLongValue____________________________________
		+ someLongValue____________________________________;

var _someValue =
	value1__________________ == value2_________________
	!= (value3_______________________ == value4___________________);

if (one == two)
|| (
	someValue_______________
		== thisWillIndent_______________________________________________________________
) {}

while (one == two)
|| (
	someValue_______________
		== thisWillIndent_______________________________________________________________
) {}

switch (
	one == two
	|| someValue_______________
		== thisWillIndent_______________________________________________________________
) {}

do {
	CallSomething();
} until (
	one == two
	|| someValue_______________
		== thisWillIndent_______________________________________________________________
)

CallMethod(
	"shouldIndentToMakeItClearWhereParametersAre"
		+ "someLongString_________________________________",
	"SecondParameter"
);

var _someVariable =
	CallMethod(
		someParameter_____________________________________,
		someParameter_____________________________________
	)
	&& CallMethod() == _someValue;

var _someValue =
	someLongThing___________________________.someLongThing_____________ ?? someOtherThing;

if (one - two == three)
|| (one + two == three)
|| (one * two == three)
|| (one / two == three)
|| (one % two == three)
|| (one != three)
|| (one < two)
|| (one > two)
|| (one <= two)
|| (one >= two)
|| (one - two > three)
|| (
	someLongThing - someOtherLongThing__________________________________
		> anotherLongThing
) {}

if (
	CallSomeMethod(
		someParameter_____________________________________,
		someParameter_____________________________________
	) == 0
) {}

if (_someValue)
&& (
	CallSomeMethod(
		someParameter_____________________________________,
		someParameter_____________________________________
	) == 0
) {}

if (
	CallSomeMethod(
		someParameter_____________________________________,
		someParameter_____________________________________
	) == 0
)
&& (_someValue) {}

if (
	CallMethod(
		someParameter_____________________________________,
		someParameter_____________________________________
	)
)
&& (
	CallMethod(
		someParameter_____________________________________,
		someParameter_____________________________________
	)
) {}

if (
	CallMethod(
		someParameter_____________________________________,
		someParameter_____________________________________
	)
)
|| (CallMethod(shortValue, "shortValue")) {}

if (
	CallMethod(
		someParameter_____________________________________,
		someParameter_____________________________________
	)
)
|| (CallMethod(shortValue, "shortValue"))
|| (CallMethod(shortValue1, "shortValue1")) {}

if (
	CallSomeMethod(someParameter)
	== someLongerValue_______________________________________________________________
) {}

return _someValue != someOtherValue
	&& someLongValue_____________________ == someOtherLongValue_____________________;

var _someValue =
	CallSomething(
		someLongValue__________________________________________,
		someLongValue__________________________________________
	) == someOtherValue;

var _coalesce =
	CallSomething(
		someLongValue__________________________________________,
		someLongValue__________________________________________
	) ?? someOtherValue;

UglyButConsistentWithPrettier(
	_someValue
		== someLongThing__________________________________________________________________
		|| someOtherValue
			== someOtherLongThing________________________________________________,
	secondParameter
);

var _x = one >> two;
