if (true) {
    return;
}

if (true) {
    return;
}

if (true) {
    // indent this!
}

if (condition) {
    // this comment should be inside the block
}

if (true) {
    DoSomething();
} else if (false) {
    DoSomething();
} else if (condition) {
    DoSomething();
} else {
    DoSomething();
    if (true) {
        if (true) {
            if (true) {
                if (true) {
                    return;
                }
            }
        }
    }
}

if (true) {
    while (true) {
        CallMethod(x);
    }
}

if (someLongCondition != someOtherCondition) {
    DoSomeLongMethodCall_________________________();
} else if (someLongCondition == someOtherCondition) {
    DoSomeLongMethodCall_________________________();
} else {
    DoSomeLongMethodCall________________________________________();
}

if (longStatementName && longerStatementName && evenLongerStatementName && superLongStatementName) {
    return;
} else if (
    longStatementName
    && longerStatementName
    && evenLongerStatementName
    && superLongStatementName
) {
    call();
}

if // comment
(
    // torture
    true // test
) {
    // just
    // for
    // fun
} // lol

if (condition) {
    // this comment should be inside the block
    return;
}

if (
    object // this comment should be inside parens
) {
    // this comment should be inside the block
    return;
}
