for (;;) {
    return;
}
for (;; i++) {
    return;
}
for (++j;;) {
    return;
}

for (
    foo = bar;
    ;
    {
        foo();
    }
) {
    return;
}

for (
    var i = 0;
    i < 42;
    {
        i++;
    }
) {}

while (condition) {
    return;
}

while (
    longStatementName
    && longerStatementName
    && evenLongerStatementName
    && superLongStatementName
) {
    return;
}

do {
    statement();
} until (condition)

do {
    operation();
} until (
    longStatementName
    && longerStatementName
    && evenLongerStatementName
    && superLongStatementName
)

repeat (3) {}
